<?xml version="1.0" encoding="UTF-8"?><mappingRoot xmlns="http://www.ibm.com/2008/ccl/Mapping" domainID="com.ibm.msl.mapping.xml" domainIDExtension="mb" mainMap="true" targetNamespace="default" version="8.0.5.0" xmlns:map="default">
    <input path="/SGServiceAll.xsd"/>
    <output path="/HB37.xsd"/>
    <namespaces>
        <namespace kind="extension" prefix="fn" uri="http://www.w3.org/2005/xpath-functions"/>
    </namespaces>
    <generation engine="xquery"/>
    <mappingDeclaration name="SGServiceHBHCHKByHand">
        <input path="mb:msg(SGServiceRequest,assembly,XMLNSC,Properties)" var="ComIbmMessageAssembly_SGServiceRequest"/>
        <output path="mb:msg(HBHCHKREQ,assembly,DFDL,Properties)" var="ComIbmMessageAssembly_HBHCHKREQ"/>
        <move>
            <input path="$ComIbmMessageAssembly_SGServiceRequest/Properties"/>
            <output path="$ComIbmMessageAssembly_HBHCHKREQ/Properties"/>
        </move>
        <assign value="0">
            <output path="$ComIbmMessageAssembly_HBHCHKREQ/HBHCHKREQ/IMSLL"/>
        </assign>
        <assign value="0">
            <output path="$ComIbmMessageAssembly_HBHCHKREQ/HBHCHKREQ/IMSZZ"/>
        </assign>
        <move>
            <input path="$ComIbmMessageAssembly_SGServiceRequest/SGServiceRequest/SrhServiceRequestName/SrhInterfaceCode"/>
            <output path="$ComIbmMessageAssembly_HBHCHKREQ/HBHCHKREQ/HBHDR_REQ/TRCDNAME"/>
        </move>
        <move>
            <input path="$ComIbmMessageAssembly_SGServiceRequest/SGServiceRequest/SrhIdentity/SrhSource"/>
            <output path="$ComIbmMessageAssembly_HBHCHKREQ/HBHCHKREQ/HBHDR_REQ/TRMLIDNT"/>
        </move>
        <convert defaultValue="0">
            <input path="$ComIbmMessageAssembly_SGServiceRequest/SGServiceRequest/BusinessData/CustDtlRq/CustNum"/>
            <output path="$ComIbmMessageAssembly_HBHCHKREQ/HBHCHKREQ/HBHDR_REQ/PORTIDNF"/>
        </convert>
    </mappingDeclaration>
</mappingRoot>